// Jest Snapshot v1, https://goo.gl/fbAQLP

exports[`lib > Counter renders without crashing 1`] = `
<DocumentFragment>
  <div
    class="counter"
  >
    <h2
      class="header"
    >
      Counter
    </h2>
    <button
      class="button"
      type="button"
    >
      Increment by one
    </button>
    <div>
      Total value: 
      <strong>
        6
      </strong>
    </div>
  </div>
</DocumentFragment>
`;
